Microchip MPLAB XC8 Compiler V1.37 ()

Linker command line:

-W-3 --edf=C:\Program Files (x86)\Microchip\xc8\v1.37\dat\en_msgs.txt -cs \
  -h+dist/default/production\Assignment_two.X.production.sym \
  --cmf=dist/default/production\Assignment_two.X.production.cmf -z \
  -Q18LF4620 -oC:\Users\hp\AppData\Local\Temp\sg8s.2 \
  -Mdist/default/production/Assignment_two.X.production.map -E1 -ver=XC8 \
  -ASTACK=0E8h-0f7fh -pstack=STACK -ACODE=00h-0FFFFh -ACONST=00h-0FFFFh \
  -ASMALLCONST=01000h-010FFhx240 -AMEDIUMCONST=01000h-0FFFFh \
  -ACOMRAM=01h-07Fh -AABS1=00h-0F7Fh -ABIGRAM=01h-0F7Fh \
  -ARAM=080h-0FFh,0100h-01FFhx14,0F00h-0F7Fh -ABANK0=080h-0FFh \
  -ABANK1=0100h-01FFh -ABANK2=0200h-02FFh -ABANK3=0300h-03FFh \
  -ABANK4=0400h-04FFh -ABANK5=0500h-05FFh -ABANK6=0600h-06FFh \
  -ABANK7=0700h-07FFh -ABANK8=0800h-08FFh -ABANK9=0900h-09FFh \
  -ABANK10=0A00h-0AFFh -ABANK11=0B00h-0BFFh -ABANK12=0C00h-0CFFh \
  -ABANK13=0D00h-0DFFh -ABANK14=0E00h-0EFFh -ABANK15=0F00h-0F7Fh \
  -ASFR=0F80h-0FFFh -preset_vec=00h,intcode,intcodelo,powerup,init,end_init \
  -pramtop=01000h -psmallconst=SMALLCONST -pmediumconst=MEDIUMCONST \
  -pconst=CONST -AFARRAM=00h-00h -ACONFIG=0300000h-030000Dh -pconfig=CONFIG \
  -AIDLOC=0200000h-0200007h -pidloc=IDLOC -AEEDATA=0F00000h-0F003FFh \
  -peeprom_data=EEDATA \
  -prdata=COMRAM,nvrram=COMRAM,nvbit=COMRAM,rbss=COMRAM,rbit=COMRAM \
  -pfarbss=FARRAM,fardata=FARRAM,nvFARRAM=FARRAM \
  -pintsave_regs=BIGRAM,bigbss=BIGRAM,bigdata=BIGRAM -pbss=RAM \
  -pidata=CODE,irdata=CODE,ibigdata=CODE,ifardata=CODE -prparam=COMRAM \
  C:\Users\hp\AppData\Local\Temp\sg8s.obj \
  dist/default/production\Assignment_two.X.production.obj 

Object code version is 3.11

Machine type is 18LF4620

Call graph: (short form)




                Name                               Link     Load   Length Selector   Space Scale
C:\Users\hp\AppData\Local\Temp\sg8s.obj
                end_init                              0        0        4        0       0
                idloc                            200000   200000        8   200000       0
                config                           300000   300000        E   300000       0
dist/default/production\Assignment_two.X.production.obj
                mediumconst                        FEEC     FEEC      114     7F76       0
                text44                             D600     D600       24     6B00       0
                text43                             E514     E514      156     728A       0
                text42                             E66A     E66A      16E     7335       0
                text41                             D7DC     D7DC       3C     6BEE       0
                text40                             DC18     DC18       82     6E0C       0
                text39                             D856     D856       40     6C2B       0
                text38                             DB40     DB40       68     6DA0       0
                text37                             DDA0     DDA0       90     6ED0       0
                text36                             D624     D624       24     6B12       0
                text35                             DE30     DE30       AE     6F18       0
                text34                             E7D8     E7D8      1AC     73EC       0
                text33                             D896     D896       40     6C4B       0
                text32                             DFC4     DFC4       F4     6FE2       0
                text31                             DC9A     DC9A       82     6E4D       0
                text30                             DA74     DA74       66     6D3A       0
                text29                             D9B6     D9B6       5C     6CDB       0
                text28                             E2BA     E2BA      128     715D       0
                text27                             E3E2     E3E2      132     71F1       0
                text26                             DD1C     DD1C       84     6E8E       0
                text25                             DBA8     DBA8       70     6DD4       0
                text24                             E0B8     E0B8       F4     705C       0
                text23                             D66C     D66C       26     6B36       0
                text22                             E984     E984      26A     74C2       0
                text21                             D5A2     D5A2       1E     6AD1       0
                text20                             EF4A     EF4A      438     77A5       0
                text19                             F382     F382      B6A     79C1       0
                text18                             E1AC     E1AC      10E     70D6       0
                text17                             D596     D596        C     6ACB       0
                text16                             D70A     D70A       2E     6B85       0
                text15                             D5DE     D5DE       22     6AEF       0
                text14                             D918     D918       48     6C8C       0
                text13                             DA12     DA12       62     6D09       0
                text12                             D8D6     D8D6       42     6C6B       0
                text11                             D960     D960       56     6CB0       0
                text10                             D648     D648       24     6B24       0
                text9                              D76A     D76A       38     6BB5       0
                text8                              DEDE     DEDE       E6     6F6F       0
                text7                              D7A2     D7A2       3A     6BD1       0
                text6                              DADA     DADA       66     6D6D       0
                text5                              D5C0     D5C0       1E     6AE0       0
                text4                              D692     D692       28     6B49       0
                text3                              D6BA     D6BA       28     6B5D       0
                text2                              D6E2     D6E2       28     6B71       0
                text1                              D738     D738       32     6B9C       0
                text0                              EBEE     EBEE      35C     75F7       0
                cstackCOMRAM                          1        1       6E        1       1
                cstackBANK0                          80       80       30       80       1
                dataBANK0                            DE       DE        8       80       1
                bssBANK0                             B0       B0       2E       80       1
                bssCOMRAM                            77       77        8        1       1
                cinit                              D818     D818       3E     6C0C       0
                nvBANK0                              E6       E6        2       80       1
                nvCOMRAM                             6F       6F        8        1       1
                idataBANK0                         D58E     D58E        8     D58E       0

TOTAL           Name                               Link     Load   Length     Space
        CLASS   STACK          

        CLASS   CODE           
                end_init                              0        0        4         0
                text44                             D600     D600       24         0
                text43                             E514     E514      156         0
                text42                             E66A     E66A      16E         0
                text41                             D7DC     D7DC       3C         0
                text40                             DC18     DC18       82         0
                text39                             D856     D856       40         0
                text38                             DB40     DB40       68         0
                text37                             DDA0     DDA0       90         0
                text36                             D624     D624       24         0
                text35                             DE30     DE30       AE         0
                text34                             E7D8     E7D8      1AC         0
                text33                             D896     D896       40         0
                text32                             DFC4     DFC4       F4         0
                text31                             DC9A     DC9A       82         0
                text30                             DA74     DA74       66         0
                text29                             D9B6     D9B6       5C         0
                text28                             E2BA     E2BA      128         0
                text27                             E3E2     E3E2      132         0
                text26                             DD1C     DD1C       84         0
                text25                             DBA8     DBA8       70         0
                text24                             E0B8     E0B8       F4         0
                text23                             D66C     D66C       26         0
                text22                             E984     E984      26A         0
                text21                             D5A2     D5A2       1E         0
                text20                             EF4A     EF4A      438         0
                text19                             F382     F382      B6A         0
                text18                             E1AC     E1AC      10E         0
                text17                             D596     D596        C         0
                text16                             D70A     D70A       2E         0
                text15                             D5DE     D5DE       22         0
                text14                             D918     D918       48         0
                text13                             DA12     DA12       62         0
                text12                             D8D6     D8D6       42         0
                text11                             D960     D960       56         0
                text10                             D648     D648       24         0
                text9                              D76A     D76A       38         0
                text8                              DEDE     DEDE       E6         0
                text7                              D7A2     D7A2       3A         0
                text6                              DADA     DADA       66         0
                text5                              D5C0     D5C0       1E         0
                text4                              D692     D692       28         0
                text3                              D6BA     D6BA       28         0
                text2                              D6E2     D6E2       28         0
                text1                              D738     D738       32         0
                text0                              EBEE     EBEE      35C         0
                cinit                              D818     D818       3E         0
                idataBANK0                         D58E     D58E        8         0

        CLASS   CONST          

        CLASS   SMALLCONST     

        CLASS   MEDIUMCONST    
                mediumconst                        FEEC     FEEC      114         0

        CLASS   COMRAM         
                cstackCOMRAM                          1        1       6E         1
                bssCOMRAM                            77       77        8         1
                nvCOMRAM                             6F       6F        8         1

        CLASS   ABS1           

        CLASS   BIGRAM         

        CLASS   RAM            

        CLASS   BANK0          
                cstackBANK0                          80       80       30         1
                dataBANK0                            DE       DE        8         1
                bssBANK0                             B0       B0       2E         1
                nvBANK0                              E6       E6        2         1

        CLASS   BANK1          

        CLASS   BANK2          

        CLASS   BANK3          

        CLASS   BANK4          

        CLASS   BANK5          

        CLASS   BANK6          

        CLASS   BANK7          

        CLASS   BANK8          

        CLASS   BANK9          

        CLASS   BANK10         

        CLASS   BANK11         

        CLASS   BANK12         

        CLASS   BANK13         

        CLASS   BANK14         

        CLASS   BANK15         

        CLASS   SFR            

        CLASS   FARRAM         

        CLASS   CONFIG         
                config                           300000   300000        E         0

        CLASS   IDLOC          
                idloc                            200000   200000        8         0

        CLASS   EEDATA         



SEGMENTS        Name                           Load    Length   Top    Selector   Space  Class

                reset_vec                      000000  000004  000004         0       0  CODE    
                cstackCOMRAM                   000001  00007E  00007F         1       1  COMRAM  
                cstackBANK0                    000080  000068  0000E8        80       1  BANK0   
                idataBANK0                     00D58E  000008  00D596      D58E       0  CODE    
                text17                         00D596  00000C  00D5A2      6ACB       0  CODE    
                text21                         00D5A2  00001E  00D5C0      6AD1       0  CODE    
                text5                          00D5C0  00001E  00D5DE      6AE0       0  CODE    
                text15                         00D5DE  000022  00D600      6AEF       0  CODE    
                text44                         00D600  000024  00D624      6B00       0  CODE    
                text36                         00D624  000024  00D648      6B12       0  CODE    
                text10                         00D648  000024  00D66C      6B24       0  CODE    
                text23                         00D66C  000026  00D692      6B36       0  CODE    
                text4                          00D692  000028  00D6BA      6B49       0  CODE    
                text3                          00D6BA  000028  00D6E2      6B5D       0  CODE    
                text2                          00D6E2  000028  00D70A      6B71       0  CODE    
                text16                         00D70A  00002E  00D738      6B85       0  CODE    
                text1                          00D738  000032  00D76A      6B9C       0  CODE    
                text9                          00D76A  000038  00D7A2      6BB5       0  CODE    
                text7                          00D7A2  00003A  00D7DC      6BD1       0  CODE    
                text41                         00D7DC  00003C  00D818      6BEE       0  CODE    
                cinit                          00D818  00003E  00D856      6C0C       0  CODE    
                text39                         00D856  000040  00D896      6C2B       0  CODE    
                text33                         00D896  000040  00D8D6      6C4B       0  CODE    
                text12                         00D8D6  000042  00D918      6C6B       0  CODE    
                text14                         00D918  000048  00D960      6C8C       0  CODE    
                text11                         00D960  000056  00D9B6      6CB0       0  CODE    
                text29                         00D9B6  00005C  00DA12      6CDB       0  CODE    
                text13                         00DA12  000062  00DA74      6D09       0  CODE    
                text30                         00DA74  000066  00DADA      6D3A       0  CODE    
                text6                          00DADA  000066  00DB40      6D6D       0  CODE    
                text38                         00DB40  000068  00DBA8      6DA0       0  CODE    
                text25                         00DBA8  000070  00DC18      6DD4       0  CODE    
                text40                         00DC18  000082  00DC9A      6E0C       0  CODE    
                text31                         00DC9A  000082  00DD1C      6E4D       0  CODE    
                text26                         00DD1C  000084  00DDA0      6E8E       0  CODE    
                text37                         00DDA0  000090  00DE30      6ED0       0  CODE    
                text35                         00DE30  0000AE  00DEDE      6F18       0  CODE    
                text8                          00DEDE  0000E6  00DFC4      6F6F       0  CODE    
                text32                         00DFC4  0000F4  00E0B8      6FE2       0  CODE    
                text24                         00E0B8  0000F4  00E1AC      705C       0  CODE    
                text18                         00E1AC  00010E  00E2BA      70D6       0  CODE    
                text28                         00E2BA  000128  00E3E2      715D       0  CODE    
                text27                         00E3E2  000132  00E514      71F1       0  CODE    
                text43                         00E514  000156  00E66A      728A       0  CODE    
                text42                         00E66A  00016E  00E7D8      7335       0  CODE    
                text34                         00E7D8  0001AC  00E984      73EC       0  CODE    
                text22                         00E984  00026A  00EBEE      74C2       0  CODE    
                text0                          00EBEE  00035C  00EF4A      75F7       0  CODE    
                text20                         00EF4A  000438  00F382      77A5       0  CODE    
                text19                         00F382  000B6A  00FEEC      79C1       0  CODE    
                mediumconst                    00FEEC  000114  010000      7F76       0  MEDIUMCO
                idloc                          200000  000008  200008    200000       0  IDLOC   
                config                         300000  00000E  30000E    300000       0  CONFIG  


UNUSED ADDRESS RANGES

        Name                Unused          Largest block    Delta
        BANK0            0000E8-0000FF               18
        BANK1            000100-0001FF              100
        BANK10           000A00-000AFF              100
        BANK11           000B00-000BFF              100
        BANK12           000C00-000CFF              100
        BANK13           000D00-000DFF              100
        BANK14           000E00-000EFF              100
        BANK15           000F00-000F7F               80
        BANK2            000200-0002FF              100
        BANK3            000300-0003FF              100
        BANK4            000400-0004FF              100
        BANK5            000500-0005FF              100
        BANK6            000600-0006FF              100
        BANK7            000700-0007FF              100
        BANK8            000800-0008FF              100
        BANK9            000900-0009FF              100
        BIGRAM           00007F-00007F                1
                         0000E8-000F7F              E98
        CODE             000004-00D58D             D58A
        COMRAM           00007F-00007F                1
        CONST            000004-00D58D             D58A
        EEDATA           F00000-F003FF              400
        MEDIUMCONST      001000-00D58D             C58E
        RAM              0000E8-000F7F              100
        SFR              000F80-000FFF               80
        SMALLCONST       001000-00D58D              100
        STACK            0000E8-000F7F              E98

                                  Symbol Table

?___awdiv                     cstackCOMRAM 000007
?___awmod                     cstackCOMRAM 000001
?___awtoft                    cstackCOMRAM 000015
?___ftadd                     cstackCOMRAM 00002E
?___ftdiv                     cstackCOMRAM 000019
?___ftmul                     cstackCOMRAM 000015
?___ftneg                     cstackCOMRAM 000001
?___ftpack                    cstackCOMRAM 000001
?___ftsub                     cstackCOMRAM 00003A
?___fttol                     cstackCOMRAM 00002B
?___lldiv                     cstackCOMRAM 000001
?___llmod                     cstackCOMRAM 00000E
?___lltoft                    cstackCOMRAM 000009
?___wmul                      cstackCOMRAM 00000F
?__div_to_l_                  cstackCOMRAM 000001
?__tdiv_to_l_                 cstackCOMRAM 000001
?_fround                      cstackCOMRAM 000024
?_read_adc_raw_no_lib         cstackCOMRAM 000001
?_read_adc_voltage            cstackCOMRAM 000028
?_scale                       cstackCOMRAM 000024
?_sprintf                     cstackCOMRAM 000040
_ADCON0                       (abs)        000FC2
_ADCON0bits                   (abs)        000FC2
_ADCON1                       (abs)        000FC1
_ADCON2                       (abs)        000FC0
_ADRESH                       (abs)        000FC4
_ADRESL                       (abs)        000FC3
_BAUDCONbits                  (abs)        000FB8
_Buffer1                      bssBANK0     0000BE
_CCP1CON                      (abs)        000FBD
_CCP1CONbits                  (abs)        000FBD
_CCPR1L                       (abs)        000FBE
_H                            dataBANK0    0000E2
_INTCON                       (abs)        000FF2
_INTCON2                      (abs)        000FF1
_INTCON2bits                  (abs)        000FF1
_INTCON3                      (abs)        000FF0
_INTCON3bits                  (abs)        000FF0
_INTCONbits                   (abs)        000FF2
_IPR1                         (abs)        000F9F
_IPR2                         (abs)        000FA2
_LCD_INIT_STRING              dataBANK0    0000DE
_PIE1                         (abs)        000F9D
_PIE2                         (abs)        000FA0
_PIR1                         (abs)        000F9E
_PIR1bits                     (abs)        000F9E
_PIR2                         (abs)        000FA1
_PORTBbits                    (abs)        000F81
_PORTC                        (abs)        000F82
_PORTCbits                    (abs)        000F82
_PORTEbits                    (abs)        000F84
_PR2                          (abs)        000FCB
_RCONbits                     (abs)        000FD0
_RCREG                        (abs)        000FAE
_RCSTA                        (abs)        000FAB
_RCSTAbits                    (abs)        000FAB
_SPBRG                        (abs)        000FAF
_SPBRGH                       (abs)        000FB0
_SetupClock                   text43       00E514
_SetupTimer                   text42       00E66A
_T                            dataBANK0    0000E4
_T2CON                        (abs)        000FCA
_T2CONbits                    (abs)        000FCA
_TRISA                        (abs)        000F92
_TRISB                        (abs)        000F93
_TRISC                        (abs)        000F94
_TRISCbits                    (abs)        000F94
_TRISD                        (abs)        000F95
_TRISE                        (abs)        000F96
_TXREG                        (abs)        000FAD
_TXSTA                        (abs)        000FAC
_TXSTAbits                    (abs)        000FAC
__CFG_BOREN$SBORDIS           (abs)        000000
__CFG_BORV$3                  (abs)        000000
__CFG_CCP2MX$PORTC            (abs)        000000
__CFG_CP0$OFF                 (abs)        000000
__CFG_CP1$OFF                 (abs)        000000
__CFG_CP2$OFF                 (abs)        000000
__CFG_CP3$OFF                 (abs)        000000
__CFG_CPB$OFF                 (abs)        000000
__CFG_CPD$OFF                 (abs)        000000
__CFG_EBTR0$OFF               (abs)        000000
__CFG_EBTR1$OFF               (abs)        000000
__CFG_EBTR2$OFF               (abs)        000000
__CFG_EBTR3$OFF               (abs)        000000
__CFG_EBTRB$OFF               (abs)        000000
__CFG_FCMEN$OFF               (abs)        000000
__CFG_IESO$OFF                (abs)        000000
__CFG_LPT1OSC$OFF             (abs)        000000
__CFG_LVP$ON                  (abs)        000000
__CFG_MCLRE$ON                (abs)        000000
__CFG_OSC$XT                  (abs)        000000
__CFG_PBADEN$ON               (abs)        000000
__CFG_PWRT$OFF                (abs)        000000
__CFG_STVREN$ON               (abs)        000000
__CFG_WDT$ON                  (abs)        000000
__CFG_WDTPS$32768             (abs)        000000
__CFG_WRT0$OFF                (abs)        000000
__CFG_WRT1$OFF                (abs)        000000
__CFG_WRT2$OFF                (abs)        000000
__CFG_WRT3$OFF                (abs)        000000
__CFG_WRTB$OFF                (abs)        000000
__CFG_WRTC$OFF                (abs)        000000
__CFG_WRTD$OFF                (abs)        000000
__CFG_XINST$OFF               (abs)        000000
__HRAM                        (abs)        000000
__Habs1                       abs1         000000
__Hbank0                      bank0        000000
__Hbank1                      bank1        000000
__Hbank10                     bank10       000000
__Hbank11                     bank11       000000
__Hbank12                     bank12       000000
__Hbank13                     bank13       000000
__Hbank14                     bank14       000000
__Hbank15                     bank15       000000
__Hbank2                      bank2        000000
__Hbank3                      bank3        000000
__Hbank4                      bank4        000000
__Hbank5                      bank5        000000
__Hbank6                      bank6        000000
__Hbank7                      bank7        000000
__Hbank8                      bank8        000000
__Hbank9                      bank9        000000
__Hbigbss                     bigbss       000000
__Hbigdata                    bigdata      000000
__Hbigram                     bigram       000000
__Hbss                        bss          000000
__HbssBANK0                   bssBANK0     000000
__HbssCOMRAM                  bssCOMRAM    000000
__Hcinit                      cinit        000000
__Hclrtext                    clrtext      000000
__Hcomram                     comram       000000
__Hconfig                     config       30000E
__Hconst                      const        000000
__HcstackBANK0                cstackBANK0  000000
__HcstackCOMRAM               cstackCOMRAM 000000
__Hdata                       data         000000
__HdataBANK0                  dataBANK0    000000
__Heeprom_data                eeprom_data  000000
__Hend_init                   end_init     000004
__Hfarbss                     farbss       000000
__Hfardata                    fardata      000000
__Hibigdata                   ibigdata     000000
__Hidata                      idata        000000
__HidataBANK0                 idataBANK0   000000
__Hidloc                      idloc        200008
__Hifardata                   ifardata     000000
__Hinit                       init         000000
__Hintcode                    intcode      000000
__Hintcode_body               intcode_body 000000
__Hintcodelo                  intcodelo    000000
__Hintentry                   intentry     000000
__Hintret                     intret       000000
__Hintsave_regs               intsave_regs 000000
__Hirdata                     irdata       000000
__Hmediumconst                mediumconst  010000
__HnvBANK0                    nvBANK0      000000
__HnvCOMRAM                   nvCOMRAM     000000
__HnvFARRAM                   nvFARRAM     000000
__Hnvbit                      nvbit        000000
__Hnvrram                     nvrram       000000
__Hparam                      rparam       000000
__Hpowerup                    powerup      000000
__Hram                        ram          000000
__Hramtop                     ramtop       001000
__Hrbit                       rbit         000000
__Hrbss                       rbss         000000
__Hrdata                      rdata        000000
__Hreset_vec                  reset_vec    000000
__Hrparam                     rparam       000000
__Hsfr                        sfr          000000
__Hsmallconst                 smallconst   000000
__Hspace_0                    (abs)        30000E
__Hspace_1                    (abs)        0000E8
__Hspace_2                    (abs)        000000
__Hstack                      stack        000000
__Hstruct                     struct       000000
__Htemp                       temp         000000
__Htext                       text         000000
__Htext0                      text0        000000
__Htext1                      text1        000000
__Htext10                     text10       000000
__Htext11                     text11       000000
__Htext12                     text12       000000
__Htext13                     text13       000000
__Htext14                     text14       000000
__Htext15                     text15       000000
__Htext16                     text16       000000
__Htext17                     text17       000000
__Htext18                     text18       000000
__Htext19                     text19       000000
__Htext2                      text2        000000
__Htext20                     text20       000000
__Htext21                     text21       000000
__Htext22                     text22       000000
__Htext23                     text23       000000
__Htext24                     text24       000000
__Htext25                     text25       000000
__Htext26                     text26       000000
__Htext27                     text27       000000
__Htext28                     text28       000000
__Htext29                     text29       000000
__Htext3                      text3        000000
__Htext30                     text30       000000
__Htext31                     text31       000000
__Htext32                     text32       000000
__Htext33                     text33       000000
__Htext34                     text34       000000
__Htext35                     text35       000000
__Htext36                     text36       000000
__Htext37                     text37       000000
__Htext38                     text38       000000
__Htext39                     text39       000000
__Htext4                      text4        000000
__Htext40                     text40       000000
__Htext41                     text41       000000
__Htext42                     text42       000000
__Htext43                     text43       000000
__Htext44                     text44       000000
__Htext5                      text5        000000
__Htext6                      text6        000000
__Htext7                      text7        000000
__Htext8                      text8        000000
__Htext9                      text9        000000
__LRAM                        (abs)        000001
__Labs1                       abs1         000000
__Lbank0                      bank0        000000
__Lbank1                      bank1        000000
__Lbank10                     bank10       000000
__Lbank11                     bank11       000000
__Lbank12                     bank12       000000
__Lbank13                     bank13       000000
__Lbank14                     bank14       000000
__Lbank15                     bank15       000000
__Lbank2                      bank2        000000
__Lbank3                      bank3        000000
__Lbank4                      bank4        000000
__Lbank5                      bank5        000000
__Lbank6                      bank6        000000
__Lbank7                      bank7        000000
__Lbank8                      bank8        000000
__Lbank9                      bank9        000000
__Lbigbss                     bigbss       000000
__Lbigdata                    bigdata      000000
__Lbigram                     bigram       000000
__Lbss                        bss          000000
__LbssBANK0                   bssBANK0     000000
__LbssCOMRAM                  bssCOMRAM    000000
__Lcinit                      cinit        000000
__Lclrtext                    clrtext      000000
__Lcomram                     comram       000000
__Lconfig                     config       300000
__Lconst                      const        000000
__LcstackBANK0                cstackBANK0  000000
__LcstackCOMRAM               cstackCOMRAM 000000
__Ldata                       data         000000
__LdataBANK0                  dataBANK0    000000
__Leeprom_data                eeprom_data  000000
__Lend_init                   end_init     000000
__Lfarbss                     farbss       000000
__Lfardata                    fardata      000000
__Libigdata                   ibigdata     000000
__Lidata                      idata        000000
__LidataBANK0                 idataBANK0   000000
__Lidloc                      idloc        200000
__Lifardata                   ifardata     000000
__Linit                       init         000000
__Lintcode                    intcode      000000
__Lintcode_body               intcode_body 000000
__Lintcodelo                  intcodelo    000000
__Lintentry                   intentry     000000
__Lintret                     intret       000000
__Lintsave_regs               intsave_regs 000000
__Lirdata                     irdata       000000
__Lmediumconst                mediumconst  00FEEC
__LnvBANK0                    nvBANK0      000000
__LnvCOMRAM                   nvCOMRAM     000000
__LnvFARRAM                   nvFARRAM     000000
__Lnvbit                      nvbit        000000
__Lnvrram                     nvrram       000000
__Lparam                      rparam       000000
__Lpowerup                    powerup      000000
__Lram                        ram          000000
__Lramtop                     ramtop       001000
__Lrbit                       rbit         000000
__Lrbss                       rbss         000000
__Lrdata                      rdata        000000
__Lreset_vec                  reset_vec    000000
__Lrparam                     rparam       000000
__Lsfr                        sfr          000000
__Lsmallconst                 smallconst   000000
__Lspace_0                    (abs)        000000
__Lspace_1                    (abs)        000000
__Lspace_2                    (abs)        000000
__Lstack                      stack        000000
__Lstruct                     struct       000000
__Ltemp                       temp         000000
__Ltext                       text         000000
__Ltext0                      text0        000000
__Ltext1                      text1        000000
__Ltext10                     text10       000000
__Ltext11                     text11       000000
__Ltext12                     text12       000000
__Ltext13                     text13       000000
__Ltext14                     text14       000000
__Ltext15                     text15       000000
__Ltext16                     text16       000000
__Ltext17                     text17       000000
__Ltext18                     text18       000000
__Ltext19                     text19       000000
__Ltext2                      text2        000000
__Ltext20                     text20       000000
__Ltext21                     text21       000000
__Ltext22                     text22       000000
__Ltext23                     text23       000000
__Ltext24                     text24       000000
__Ltext25                     text25       000000
__Ltext26                     text26       000000
__Ltext27                     text27       000000
__Ltext28                     text28       000000
__Ltext29                     text29       000000
__Ltext3                      text3        000000
__Ltext30                     text30       000000
__Ltext31                     text31       000000
__Ltext32                     text32       000000
__Ltext33                     text33       000000
__Ltext34                     text34       000000
__Ltext35                     text35       000000
__Ltext36                     text36       000000
__Ltext37                     text37       000000
__Ltext38                     text38       000000
__Ltext39                     text39       000000
__Ltext4                      text4        000000
__Ltext40                     text40       000000
__Ltext41                     text41       000000
__Ltext42                     text42       000000
__Ltext43                     text43       000000
__Ltext44                     text44       000000
__Ltext5                      text5        000000
__Ltext6                      text6        000000
__Ltext7                      text7        000000
__Ltext8                      text8        000000
__Ltext9                      text9        000000
__S0                          (abs)        30000E
__S1                          (abs)        0000E8
__S2                          (abs)        000000
___awdiv                      text26       00DD1C
___awdiv@counter              cstackCOMRAM 00000B
___awdiv@dividend             cstackCOMRAM 000007
___awdiv@divisor              cstackCOMRAM 000009
___awdiv@quotient             cstackCOMRAM 00000D
___awdiv@sign                 cstackCOMRAM 00000C
___awmod                      text25       00DBA8
___awmod@counter              cstackCOMRAM 000005
___awmod@dividend             cstackCOMRAM 000001
___awmod@divisor              cstackCOMRAM 000003
___awmod@sign                 cstackCOMRAM 000006
___awtoft                     text9        00D76A
___awtoft@c                   cstackCOMRAM 000015
___awtoft@sign                cstackCOMRAM 000018
___ftadd                      text34       00E7D8
___ftadd@exp1                 cstackCOMRAM 000039
___ftadd@exp2                 cstackCOMRAM 000038
___ftadd@f1                   cstackCOMRAM 00002E
___ftadd@f2                   cstackCOMRAM 000031
___ftadd@sign                 cstackCOMRAM 000037
___ftdiv                      text8        00DEDE
___ftdiv@cntr                 cstackCOMRAM 000022
___ftdiv@exp                  cstackCOMRAM 000026
___ftdiv@f1                   cstackCOMRAM 000019
___ftdiv@f2                   cstackCOMRAM 00001C
___ftdiv@f3                   cstackCOMRAM 000023
___ftdiv@sign                 cstackCOMRAM 000027
___ftge                       text37       00DDA0
___ftge@ff1                   cstackCOMRAM 000001
___ftge@ff2                   cstackCOMRAM 000004
___ftmul                      text24       00E0B8
___ftmul@cntr                 cstackCOMRAM 000022
___ftmul@exp                  cstackCOMRAM 00001E
___ftmul@f1                   cstackCOMRAM 000015
___ftmul@f2                   cstackCOMRAM 000018
___ftmul@f3_as_product        cstackCOMRAM 00001F
___ftmul@sign                 cstackCOMRAM 000023
___ftneg                      text36       00D624
___ftneg@f1                   cstackCOMRAM 000001
___ftpack                     text35       00DE30
___ftpack@arg                 cstackCOMRAM 000001
___ftpack@exp                 cstackCOMRAM 000004
___ftpack@sign                cstackCOMRAM 000005
___ftsub                      text33       00D896
___ftsub@f1                   cstackCOMRAM 00003A
___ftsub@f2                   cstackCOMRAM 00003D
___fttol                      text32       00DFC4
___fttol@exp1                 cstackCOMRAM 000039
___fttol@f1                   cstackCOMRAM 00002B
___fttol@lval                 cstackCOMRAM 000035
___fttol@sign1                cstackCOMRAM 000034
___inthi_sp                   stack        000000
___intlo_sp                   stack        000000
___lldiv                      text31       00DC9A
___lldiv@counter              cstackCOMRAM 00000D
___lldiv@dividend             cstackCOMRAM 000001
___lldiv@divisor              cstackCOMRAM 000005
___lldiv@quotient             cstackCOMRAM 000009
___llmod                      text30       00DA74
___llmod@counter              cstackCOMRAM 000016
___llmod@dividend             cstackCOMRAM 00000E
___llmod@divisor              cstackCOMRAM 000012
___lltoft                     text29       00D9B6
___lltoft@c                   cstackCOMRAM 000009
___lltoft@exp                 cstackCOMRAM 000011
___param_bank                 (abs)        000010
___rparam_used                (abs)        000001
___sp                         stack        000000
___wmul                       text23       00D66C
___wmul@multiplicand          cstackCOMRAM 000011
___wmul@multiplier            cstackCOMRAM 00000F
___wmul@product               cstackCOMRAM 000013
__accesstop                   (abs)        000080
__activetblptr                (abs)        000003
__div_to_l_                   text28       00E2BA
__div_to_l_@cntr              cstackCOMRAM 00000B
__div_to_l_@exp1              cstackCOMRAM 00000C
__div_to_l_@f1                cstackCOMRAM 000001
__div_to_l_@f2                cstackCOMRAM 000004
__div_to_l_@quot              cstackCOMRAM 000007
__end_of_SetupClock           text43       00E66A
__end_of_SetupTimer           text42       00E7D8
__end_of___awdiv              text26       00DDA0
__end_of___awmod              text25       00DC18
__end_of___awtoft             text9        00D7A2
__end_of___ftadd              text34       00E984
__end_of___ftdiv              text8        00DFC4
__end_of___ftge               text37       00DE30
__end_of___ftmul              text24       00E1AC
__end_of___ftneg              text36       00D648
__end_of___ftpack             text35       00DEDE
__end_of___ftsub              text33       00D8D6
__end_of___fttol              text32       00E0B8
__end_of___lldiv              text31       00DD1C
__end_of___llmod              text30       00DADA
__end_of___lltoft             text29       00DA12
__end_of___wmul               text23       00D692
__end_of__div_to_l_           text28       00E3E2
__end_of__initialization      cinit        00D850
__end_of__npowers_            mediumconst  00FF3C
__end_of__powers_             mediumconst  00FF63
__end_of__tdiv_to_l_          text27       00E514
__end_of_checkHeater          text41       00D818
__end_of_checkTimer           text39       00D896
__end_of_clock                text38       00DBA8
__end_of_decreaseTimer        text40       00DC9A
__end_of_delay_cycles         text16       00D738
__end_of_delay_ms             text44       00D624
__end_of_displaymode          text18       00E2BA
__end_of_dpowers              mediumconst  00FF15
__end_of_fround               text22       00EBEE
__end_of_init_adc_no_lib      text17       00D5A2
__end_of_isdigit              text21       00D5C0
__end_of_lcd_gotoxy           text12       00D918
__end_of_lcd_init             text13       00DA74
__end_of_lcd_putc             text11       00D9B6
__end_of_lcd_puts             text10       00D66C
__end_of_lcd_send_byte        text14       00D960
__end_of_lcd_send_nibble      text15       00D600
__end_of_main                 text0        00EF4A
__end_of_read_adc_raw_no_lib  text7        00D7DC
__end_of_read_adc_voltage     text6        00DB40
__end_of_scale                text20       00F382
__end_of_setupPorts           text5        00D5DE
__end_of_sprintf              text19       00FEEC
__end_of_switchClock          text4        00D6BA
__end_of_switchMode           text3        00D6E2
__end_of_switchTimer          text2        00D70A
__end_of_timerOnOff           text1        00D76A
__initialization              cinit        00D818
__mediumconst                 mediumconst  00FEEC
__npowers_                    mediumconst  00FF15
__pbssBANK0                   bssBANK0     0000B0
__pbssCOMRAM                  bssCOMRAM    000077
__pcinit                      cinit        00D818
__pcstackBANK0                cstackBANK0  000080
__pcstackCOMRAM               cstackCOMRAM 000001
__pdataBANK0                  dataBANK0    0000DE
__pidataBANK0                 idataBANK0   00D58E
__pmediumconst                mediumconst  00FEEC
__pnvBANK0                    nvBANK0      0000E6
__pnvCOMRAM                   nvCOMRAM     00006F
__powers_                     mediumconst  00FF3C
__ptext0                      text0        00EBEE
__ptext1                      text1        00D738
__ptext10                     text10       00D648
__ptext11                     text11       00D960
__ptext12                     text12       00D8D6
__ptext13                     text13       00DA12
__ptext14                     text14       00D918
__ptext15                     text15       00D5DE
__ptext16                     text16       00D70A
__ptext17                     text17       00D596
__ptext18                     text18       00E1AC
__ptext19                     text19       00F382
__ptext2                      text2        00D6E2
__ptext20                     text20       00EF4A
__ptext21                     text21       00D5A2
__ptext22                     text22       00E984
__ptext23                     text23       00D66C
__ptext24                     text24       00E0B8
__ptext25                     text25       00DBA8
__ptext26                     text26       00DD1C
__ptext27                     text27       00E3E2
__ptext28                     text28       00E2BA
__ptext29                     text29       00D9B6
__ptext3                      text3        00D6BA
__ptext30                     text30       00DA74
__ptext31                     text31       00DC9A
__ptext32                     text32       00DFC4
__ptext33                     text33       00D896
__ptext34                     text34       00E7D8
__ptext35                     text35       00DE30
__ptext36                     text36       00D624
__ptext37                     text37       00DDA0
__ptext38                     text38       00DB40
__ptext39                     text39       00D856
__ptext4                      text4        00D692
__ptext40                     text40       00DC18
__ptext41                     text41       00D7DC
__ptext42                     text42       00E66A
__ptext43                     text43       00E514
__ptext44                     text44       00D600
__ptext5                      text5        00D5C0
__ptext6                      text6        00DADA
__ptext7                      text7        00D7A2
__ptext8                      text8        00DEDE
__ptext9                      text9        00D76A
__ramtop                      ramtop       001000
__size_of_SetupClock          (abs)        000000
__size_of_SetupTimer          (abs)        000000
__size_of___awdiv             (abs)        000000
__size_of___awmod             (abs)        000000
__size_of___awtoft            (abs)        000000
__size_of___ftadd             (abs)        000000
__size_of___ftdiv             (abs)        000000
__size_of___ftge              (abs)        000000
__size_of___ftmul             (abs)        000000
__size_of___ftneg             (abs)        000000
__size_of___ftpack            (abs)        000000
__size_of___ftsub             (abs)        000000
__size_of___fttol             (abs)        000000
__size_of___lldiv             (abs)        000000
__size_of___llmod             (abs)        000000
__size_of___lltoft            (abs)        000000
__size_of___wmul              (abs)        000000
__size_of__div_to_l_          (abs)        000000
__size_of__tdiv_to_l_         (abs)        000000
__size_of_checkHeater         (abs)        000000
__size_of_checkTimer          (abs)        000000
__size_of_clock               (abs)        000000
__size_of_decreaseTimer       (abs)        000000
__size_of_delay_cycles        (abs)        000000
__size_of_delay_ms            (abs)        000000
__size_of_displaymode         (abs)        000000
__size_of_fround              (abs)        000000
__size_of_init_adc_no_lib     (abs)        000000
__size_of_isdigit             (abs)        000000
__size_of_lcd_gotoxy          (abs)        000000
__size_of_lcd_init            (abs)        000000
__size_of_lcd_putc            (abs)        000000
__size_of_lcd_puts            (abs)        000000
__size_of_lcd_send_byte       (abs)        000000
__size_of_lcd_send_nibble     (abs)        000000
__size_of_main                (abs)        000000
__size_of_read_adc_raw_no_lib (abs)        000000
__size_of_read_adc_voltage    (abs)        000000
__size_of_scale               (abs)        000000
__size_of_setupPorts          (abs)        000000
__size_of_sprintf             (abs)        000000
__size_of_switchClock         (abs)        000000
__size_of_switchMode          (abs)        000000
__size_of_switchTimer         (abs)        000000
__size_of_timerOnOff          (abs)        000000
__smallconst                  smallconst   000000
__tdiv_to_l_                  text27       00E3E2
__tdiv_to_l_@cntr             cstackCOMRAM 00000E
__tdiv_to_l_@exp1             cstackCOMRAM 00000F
__tdiv_to_l_@f1               cstackCOMRAM 000001
__tdiv_to_l_@f2               cstackCOMRAM 000004
__tdiv_to_l_@quot             cstackCOMRAM 00000A
_a                            bssBANK0     0000B0
_c                            bssBANK0     0000B2
_checkHeater                  text41       00D7DC
_checkTimer                   text39       00D856
_clock                        text38       00DB40
_decreaseTimer                text40       00DC18
_delay_cycles                 text16       00D70A
_delay_ms                     text44       00D600
_displaymode                  text18       00E1AC
_dpowers                      mediumconst  00FEED
_f                            bssBANK0     0000B4
_f1                           bssBANK0     0000B6
_fround                       text22       00E984
_fround$1880                  cstackCOMRAM 00002A
_fround$1881                  cstackCOMRAM 000027
_h                            nvCOMRAM     00006F
_ha                           bssCOMRAM    000077
_heater                       bssBANK0     0000B8
_i                            bssBANK0     0000BA
_init_adc_no_lib              text17       00D596
_isdigit                      text21       00D5A2
_isdigit$1492                 cstackCOMRAM 000002
_lcd                          (abs)        000F83
_lcd_gotoxy                   text12       00D8D6
_lcd_init                     text13       00DA12
_lcd_putc                     text11       00D960
_lcd_puts                     text10       00D648
_lcd_send_byte                text14       00D918
_lcd_send_nibble              text15       00D5DE
_m                            nvCOMRAM     000071
_ma                           nvBANK0      0000E6
_main                         text0        00EBEE
_main$1879                    cstackBANK0  0000AC
_mode                         bssBANK0     0000BC
_mode1                        bssCOMRAM    000079
_mode2                        bssCOMRAM    00007B
_mode3                        bssCOMRAM    00007D
_read_adc_raw_no_lib          text7        00D7A2
_read_adc_voltage             text6        00DADA
_s                            nvCOMRAM     000073
_sa                           nvCOMRAM     000075
_scale                        text20       00EF4A
_scale$1882                   cstackCOMRAM 000027
_setupPorts                   text5        00D5C0
_sprintf                      text19       00F382
_sprintf$1883                 cstackCOMRAM 000050
_switchClock                  text4        00D692
_switchMode                   text3        00D6BA
_switchTimer                  text2        00D6E2
_timerOnOff                   text1        00D738
delay_cycles@n                cstackCOMRAM 000004
delay_cycles@x                cstackCOMRAM 000005
delay_ms@n                    cstackCOMRAM 000001
delay_ms@x                    cstackCOMRAM 000003
end_of_initialization         cinit        00D850
fround@prec                   cstackCOMRAM 00002D
intlevel0                     text         000000
intlevel1                     text         000000
intlevel2                     text         000000
intlevel3                     text         000000
isdigit@c                     cstackCOMRAM 000003
lcd_gotoxy@address            cstackCOMRAM 00000D
lcd_gotoxy@x                  cstackCOMRAM 00000C
lcd_gotoxy@y                  cstackCOMRAM 00000B
lcd_init@i                    cstackCOMRAM 00000B
lcd_putc@c                    cstackCOMRAM 00000E
lcd_puts@s                    cstackCOMRAM 00000F
lcd_send_byte@cm_data         cstackCOMRAM 00000A
lcd_send_byte@n               cstackCOMRAM 000009
lcd_send_nibble@n             cstackCOMRAM 000008
main@AN                       cstackBANK0  0000A0
main@Buffer                   cstackBANK0  000080
main@channel                  cstackBANK0  0000AF
main@voltage                  cstackBANK0  0000A9
read_adc_raw_no_lib@channel   cstackCOMRAM 000007
read_adc_raw_no_lib@raw_value cstackCOMRAM 000005
read_adc_voltage@channel      cstackCOMRAM 000030
read_adc_voltage@raw_value    cstackCOMRAM 00002E
read_adc_voltage@voltage      cstackCOMRAM 00002B
scale@scl                     cstackCOMRAM 00002A
sprintf@ap                    cstackCOMRAM 000055
sprintf@c                     cstackCOMRAM 00006C
sprintf@cp                    cstackCOMRAM 000053
sprintf@exp                   cstackCOMRAM 000061
sprintf@f                     cstackCOMRAM 000042
sprintf@flag                  cstackCOMRAM 000063
sprintf@fval                  cstackCOMRAM 000065
sprintf@len                   cstackCOMRAM 000057
sprintf@prec                  cstackCOMRAM 00006A
sprintf@sp                    cstackCOMRAM 000040
sprintf@tmpval                cstackCOMRAM 000059
sprintf@val                   cstackCOMRAM 00005D
sprintf@width                 cstackCOMRAM 000068
stackhi                       (abs)        000F7F
stacklo                       (abs)        0000E8
start                         init         000000
start_initialization          cinit        00D818


FUNCTION INFORMATION:

 *************** function _main *****************
 Defined at:
		line 322 in file "Assignment_two.c"
 Parameters:    Size  Location     Type
		None
 Auto vars:     Size  Location     Type
  Buffer         32    0[BANK0 ] unsigned char [32]
  AN              9   32[BANK0 ] float [3]
  voltage         3   41[BANK0 ] float 
  channel         1   47[BANK0 ] unsigned char 
 Return value:  Size  Location     Type
                  1    wreg      void 
 Registers used:
		wreg, fsr2l, fsr2h, status,2, status,0, tblptrl, tblptrh, tblptru, prodl, prodh, cstack
 Tracked objects:
		On entry : 
		On exit  : 
		Unchanged: 
 Data sizes:     COMRAM   BANK0   BANK1   BANK2   BANK3   BANK4   BANK5   BANK6   BANK7   BANK8   BANK9  BANK10  BANK11  BANK12  BANK13  BANK14  BANK15
      Params:         0       0       0       0       0       0       0       0       0       0       0       0       0       0       0       0       0
      Locals:         0      48       0       0       0       0       0       0       0       0       0       0       0       0       0       0       0
      Temps:          0       0       0       0       0       0       0       0       0       0       0       0       0       0       0       0       0
      Totals:         0      48       0       0       0       0       0       0       0       0       0       0       0       0       0       0       0
Total ram usage:       48 bytes
 Hardware stack levels required when called:    6
 This function calls:
		_SetupClock
		_SetupTimer
		___ftmul
		_checkHeater
		_checkTimer
		_clock
		_delay_ms
		_displaymode
		_init_adc_no_lib
		_lcd_gotoxy
		_lcd_init
		_lcd_puts
		_read_adc_voltage
		_setupPorts
		_sprintf
		_switchClock
		_switchMode
		_switchTimer
		_timerOnOff
 This function is called by:
		Startup code after reset
 This function uses a non-reentrant model


 *************** function _timerOnOff *****************
 Defined at:
		line 308 in file "Assignment_two.c"
 Parameters:    Size  Location     Type
		None
 Auto vars:     Size  Location     Type
		None
 Return value:  Size  Location     Type
                  1    wreg      void 
 Registers used:
		wreg, status,2, status,0
 Tracked objects:
		On entry : 
		On exit  : 
		Unchanged: 
 Data sizes:     COMRAM   BANK0   BANK1   BANK2   BANK3   BANK4   BANK5   BANK6   BANK7   BANK8   BANK9  BANK10  BANK11  BANK12  BANK13  BANK14  BANK15
      Params:         0       0       0       0       0       0       0       0       0       0       0       0       0       0       0       0       0
      Locals:         0       0       0       0       0       0       0       0       0       0       0       0       0       0       0       0       0
      Temps:          0       0       0       0       0       0       0       0       0       0       0       0       0       0       0       0       0
      Totals:         0       0       0       0       0       0       0       0       0       0       0       0       0       0       0       0       0
Total ram usage:        0 bytes
 Hardware stack levels used:    1
 This function calls:
		Nothing
 This function is called by:
		_main
 This function uses a non-reentrant model


 *************** function _switchTimer *****************
 Defined at:
		line 127 in file "Assignment_two.c"
 Parameters:    Size  Location     Type
		None
 Auto vars:     Size  Location     Type
		None
 Return value:  Size  Location     Type
                  1    wreg      void 
 Registers used:
		wreg, status,2, status,0, cstack
 Tracked objects:
		On entry : 
		On exit  : 
		Unchanged: 
 Data sizes:     COMRAM   BANK0   BANK1   BANK2   BANK3   BANK4   BANK5   BANK6   BANK7   BANK8   BANK9  BANK10  BANK11  BANK12  BANK13  BANK14  BANK15
      Params:         0       0       0       0       0       0       0       0       0       0       0       0       0       0       0       0       0
      Locals:         0       0       0       0       0       0       0       0       0       0       0       0       0       0       0       0       0
      Temps:          0       0       0       0       0       0       0       0       0       0       0       0       0       0       0       0       0
      Totals:         0       0       0       0       0       0       0       0       0       0       0       0       0       0       0       0       0
Total ram usage:        0 bytes
 Hardware stack levels used:    1
 Hardware stack levels required when called:    1
 This function calls:
		_delay_ms
 This function is called by:
		_main
 This function uses a non-reentrant model


 *************** function _switchMode *****************
 Defined at:
		line 115 in file "Assignment_two.c"
 Parameters:    Size  Location     Type
		None
 Auto vars:     Size  Location     Type
		None
 Return value:  Size  Location     Type
                  1    wreg      void 
 Registers used:
		wreg, status,2, status,0, cstack
 Tracked objects:
		On entry : 
		On exit  : 
		Unchanged: 
 Data sizes:     COMRAM   BANK0   BANK1   BANK2   BANK3   BANK4   BANK5   BANK6   BANK7   BANK8   BANK9  BANK10  BANK11  BANK12  BANK13  BANK14  BANK15
      Params:         0       0       0       0       0       0       0       0       0       0       0       0       0       0       0       0       0
      Locals:         0       0       0       0       0       0       0       0       0       0       0       0       0       0       0       0       0
      Temps:          0       0       0       0       0       0       0       0       0       0       0       0       0       0       0       0       0
      Totals:         0       0       0       0       0       0       0       0       0       0       0       0       0       0       0       0       0
Total ram usage:        0 bytes
 Hardware stack levels used:    1
 Hardware stack levels required when called:    1
 This function calls:
		_delay_ms
 This function is called by:
		_main
 This function uses a non-reentrant model


 *************** function _switchClock *****************
 Defined at:
		line 139 in file "Assignment_two.c"
 Parameters:    Size  Location     Type
		None
 Auto vars:     Size  Location     Type
		None
 Return value:  Size  Location     Type
                  1    wreg      void 
 Registers used:
		wreg, status,2, status,0, cstack
 Tracked objects:
		On entry : 
		On exit  : 
		Unchanged: 
 Data sizes:     COMRAM   BANK0   BANK1   BANK2   BANK3   BANK4   BANK5   BANK6   BANK7   BANK8   BANK9  BANK10  BANK11  BANK12  BANK13  BANK14  BANK15
      Params:         0       0       0       0       0       0       0       0       0       0       0       0       0       0       0       0       0
      Locals:         0       0       0       0       0       0       0       0       0       0       0       0       0       0       0       0       0
      Temps:          0       0       0       0       0       0       0       0       0       0       0       0       0       0       0       0       0
      Totals:         0       0       0       0       0       0       0       0       0       0       0       0       0       0       0       0       0
Total ram usage:        0 bytes
 Hardware stack levels used:    1
 Hardware stack levels required when called:    1
 This function calls:
		_delay_ms
 This function is called by:
		_main
 This function uses a non-reentrant model


 *************** function _setupPorts *****************
 Defined at:
		line 89 in file "Assignment_two.c"
 Parameters:    Size  Location     Type
		None
 Auto vars:     Size  Location     Type
		None
 Return value:  Size  Location     Type
                  1    wreg      void 
 Registers used:
		wreg, status,2
 Tracked objects:
		On entry : 
		On exit  : 
		Unchanged: 
 Data sizes:     COMRAM   BANK0   BANK1   BANK2   BANK3   BANK4   BANK5   BANK6   BANK7   BANK8   BANK9  BANK10  BANK11  BANK12  BANK13  BANK14  BANK15
      Params:         0       0       0       0       0       0       0       0       0       0       0       0       0       0       0       0       0
      Locals:         0       0       0       0       0       0       0       0       0       0       0       0       0       0       0       0       0
      Temps:          0       0       0       0       0       0       0       0       0       0       0       0       0       0       0       0       0
      Totals:         0       0       0       0       0       0       0       0       0       0       0       0       0       0       0       0       0
Total ram usage:        0 bytes
 Hardware stack levels used:    1
 This function calls:
		Nothing
 This function is called by:
		_main
 This function uses a non-reentrant model


 *************** function _read_adc_voltage *****************
 Defined at:
		line 48 in file "../../OneDrive/Desktop/testtpic/testtpic/pwm_asl.X/my_adc.c"
 Parameters:    Size  Location     Type
  channel         1    wreg     unsigned char 
 Auto vars:     Size  Location     Type
  channel         1   47[COMRAM] unsigned char 
  voltage         3   42[COMRAM] float 
  raw_value       2   45[COMRAM] int 
 Return value:  Size  Location     Type
                  3   39[COMRAM] float 
 Registers used:
		wreg, status,2, status,0, prodl, prodh, cstack
 Tracked objects:
		On entry : 
		On exit  : 
		Unchanged: 
 Data sizes:     COMRAM   BANK0   BANK1   BANK2   BANK3   BANK4   BANK5   BANK6   BANK7   BANK8   BANK9  BANK10  BANK11  BANK12  BANK13  BANK14  BANK15
      Params:         3       0       0       0       0       0       0       0       0       0       0       0       0       0       0       0       0
      Locals:         6       0       0       0       0       0       0       0       0       0       0       0       0       0       0       0       0
      Temps:          0       0       0       0       0       0       0       0       0       0       0       0       0       0       0       0       0
      Totals:         9       0       0       0       0       0       0       0       0       0       0       0       0       0       0       0       0
Total ram usage:        9 bytes
 Hardware stack levels used:    1
 Hardware stack levels required when called:    2
 This function calls:
		___awtoft
		___ftdiv
		___wmul
		_read_adc_raw_no_lib
 This function is called by:
		_main
 This function uses a non-reentrant model


 *************** function _read_adc_raw_no_lib *****************
 Defined at:
		line 32 in file "../../OneDrive/Desktop/testtpic/testtpic/pwm_asl.X/my_adc.c"
 Parameters:    Size  Location     Type
  channel         1    wreg     unsigned char 
 Auto vars:     Size  Location     Type
  channel         1    6[COMRAM] unsigned char 
  raw_value       2    4[COMRAM] int 
 Return value:  Size  Location     Type
                  2    0[COMRAM] int 
 Registers used:
		wreg, status,2, status,0
 Tracked objects:
		On entry : 
		On exit  : 
		Unchanged: 
 Data sizes:     COMRAM   BANK0   BANK1   BANK2   BANK3   BANK4   BANK5   BANK6   BANK7   BANK8   BANK9  BANK10  BANK11  BANK12  BANK13  BANK14  BANK15
      Params:         2       0       0       0       0       0       0       0       0       0       0       0       0       0       0       0       0
      Locals:         3       0       0       0       0       0       0       0       0       0       0       0       0       0       0       0       0
      Temps:          2       0       0       0       0       0       0       0       0       0       0       0       0       0       0       0       0
      Totals:         7       0       0       0       0       0       0       0       0       0       0       0       0       0       0       0       0
Total ram usage:        7 bytes
 Hardware stack levels used:    1
 This function calls:
		Nothing
 This function is called by:
		_read_adc_voltage
 This function uses a non-reentrant model


 *************** function ___ftdiv *****************
 Defined at:
		line 54 in file "C:\Program Files (x86)\Microchip\xc8\v1.37\sources\common\ftdiv.c"
 Parameters:    Size  Location     Type
  f1              3   24[COMRAM] float 
  f2              3   27[COMRAM] float 
 Auto vars:     Size  Location     Type
  f3              3   34[COMRAM] float 
  sign            1   38[COMRAM] unsigned char 
  exp             1   37[COMRAM] unsigned char 
  cntr            1   33[COMRAM] unsigned char 
 Return value:  Size  Location     Type
                  3   24[COMRAM] float 
 Registers used:
		wreg, status,2, status,0, cstack
 Tracked objects:
		On entry : 
		On exit  : 
		Unchanged: 
 Data sizes:     COMRAM   BANK0   BANK1   BANK2   BANK3   BANK4   BANK5   BANK6   BANK7   BANK8   BANK9  BANK10  BANK11  BANK12  BANK13  BANK14  BANK15
      Params:         6       0       0       0       0       0       0       0       0       0       0       0       0       0       0       0       0
      Locals:         6       0       0       0       0       0       0       0       0       0       0       0       0       0       0       0       0
      Temps:          3       0       0       0       0       0       0       0       0       0       0       0       0       0       0       0       0
      Totals:        15       0       0       0       0       0       0       0       0       0       0       0       0       0       0       0       0
Total ram usage:       15 bytes
 Hardware stack levels used:    1
 Hardware stack levels required when called:    1
 This function calls:
		___ftpack
 This function is called by:
		_read_adc_voltage
		_set_pwm1_percent
		_set_pwm1_voltage
		_set_pwm1_general
 This function uses a non-reentrant model


 *************** function ___awtoft *****************
 Defined at:
		line 32 in file "C:\Program Files (x86)\Microchip\xc8\v1.37\sources\common\awtoft.c"
 Parameters:    Size  Location     Type
  c               2   20[COMRAM] int 
 Auto vars:     Size  Location     Type
  sign            1   23[COMRAM] unsigned char 
 Return value:  Size  Location     Type
                  3   20[COMRAM] float 
 Registers used:
		wreg, status,2, status,0, cstack
 Tracked objects:
		On entry : 
		On exit  : 
		Unchanged: 
 Data sizes:     COMRAM   BANK0   BANK1   BANK2   BANK3   BANK4   BANK5   BANK6   BANK7   BANK8   BANK9  BANK10  BANK11  BANK12  BANK13  BANK14  BANK15
      Params:         3       0       0       0       0       0       0       0       0       0       0       0       0       0       0       0       0
      Locals:         1       0       0       0       0       0       0       0       0       0       0       0       0       0       0       0       0
      Temps:          0       0       0       0       0       0       0       0       0       0       0       0       0       0       0       0       0
      Totals:         4       0       0       0       0       0       0       0       0       0       0       0       0       0       0       0       0
Total ram usage:        4 bytes
 Hardware stack levels used:    1
 Hardware stack levels required when called:    1
 This function calls:
		___ftpack
 This function is called by:
		_read_adc_voltage
 This function uses a non-reentrant model


 *************** function _lcd_puts *****************
 Defined at:
		line 120 in file "../../OneDrive/Desktop/testtpic/testtpic/pwm_asl.X/lcd_x8.c"
 Parameters:    Size  Location     Type
  s               2   14[COMRAM] PTR unsigned char 
		 -> main@Buffer(32), Buffer1(32), 
 Auto vars:     Size  Location     Type
		None
 Return value:  Size  Location     Type
                  1    wreg      void 
 Registers used:
		wreg, fsr2l, fsr2h, status,2, status,0, cstack
 Tracked objects:
		On entry : 
		On exit  : 
		Unchanged: 
 Data sizes:     COMRAM   BANK0   BANK1   BANK2   BANK3   BANK4   BANK5   BANK6   BANK7   BANK8   BANK9  BANK10  BANK11  BANK12  BANK13  BANK14  BANK15
      Params:         2       0       0       0       0       0       0       0       0       0       0       0       0       0       0       0       0
      Locals:         0       0       0       0       0       0       0       0       0       0       0       0       0       0       0       0       0
      Temps:          0       0       0       0       0       0       0       0       0       0       0       0       0       0       0       0       0
      Totals:         2       0       0       0       0       0       0       0       0       0       0       0       0       0       0       0       0
Total ram usage:        2 bytes
 Hardware stack levels used:    1
 Hardware stack levels required when called:    5
 This function calls:
		_lcd_putc
 This function is called by:
		_main
 This function uses a non-reentrant model


 *************** function _lcd_putc *****************
 Defined at:
		line 106 in file "../../OneDrive/Desktop/testtpic/testtpic/pwm_asl.X/lcd_x8.c"
 Parameters:    Size  Location     Type
  c               1    wreg     unsigned char 
 Auto vars:     Size  Location     Type
  c               1   13[COMRAM] unsigned char 
 Return value:  Size  Location     Type
                  1    wreg      void 
 Registers used:
		wreg, status,2, status,0, cstack
 Tracked objects:
		On entry : 
		On exit  : 
		Unchanged: 
 Data sizes:     COMRAM   BANK0   BANK1   BANK2   BANK3   BANK4   BANK5   BANK6   BANK7   BANK8   BANK9  BANK10  BANK11  BANK12  BANK13  BANK14  BANK15
      Params:         0       0       0       0       0       0       0       0       0       0       0       0       0       0       0       0       0
      Locals:         1       0       0       0       0       0       0       0       0       0       0       0       0       0       0       0       0
      Temps:          0       0       0       0       0       0       0       0       0       0       0       0       0       0       0       0       0
      Totals:         1       0       0       0       0       0       0       0       0       0       0       0       0       0       0       0       0
Total ram usage:        1 bytes
 Hardware stack levels used:    1
 Hardware stack levels required when called:    4
 This function calls:
		_delay_ms
		_lcd_gotoxy
		_lcd_send_byte
 This function is called by:
		_lcd_puts
 This function uses a non-reentrant model


 *************** function _lcd_gotoxy *****************
 Defined at:
		line 89 in file "../../OneDrive/Desktop/testtpic/testtpic/pwm_asl.X/lcd_x8.c"
 Parameters:    Size  Location     Type
  x               1    wreg     unsigned char 
  y               1   10[COMRAM] unsigned char 
 Auto vars:     Size  Location     Type
  x               1   11[COMRAM] unsigned char 
  address         1   12[COMRAM] unsigned char 
 Return value:  Size  Location     Type
                  1    wreg      void 
 Registers used:
		wreg, status,2, status,0, cstack
 Tracked objects:
		On entry : 
		On exit  : 
		Unchanged: 
 Data sizes:     COMRAM   BANK0   BANK1   BANK2   BANK3   BANK4   BANK5   BANK6   BANK7   BANK8   BANK9  BANK10  BANK11  BANK12  BANK13  BANK14  BANK15
      Params:         1       0       0       0       0       0       0       0       0       0       0       0       0       0       0       0       0
      Locals:         2       0       0       0       0       0       0       0       0       0       0       0       0       0       0       0       0
      Temps:          0       0       0       0       0       0       0       0       0       0       0       0       0       0       0       0       0
      Totals:         3       0       0       0       0       0       0       0       0       0       0       0       0       0       0       0       0
Total ram usage:        3 bytes
 Hardware stack levels used:    1
 Hardware stack levels required when called:    3
 This function calls:
		_lcd_send_byte
 This function is called by:
		_main
		_lcd_putc
 This function uses a non-reentrant model


 *************** function _lcd_init *****************
 Defined at:
		line 56 in file "../../OneDrive/Desktop/testtpic/testtpic/pwm_asl.X/lcd_x8.c"
 Parameters:    Size  Location     Type
		None
 Auto vars:     Size  Location     Type
  i               1   10[COMRAM] unsigned char 
 Return value:  Size  Location     Type
                  1    wreg      void 
 Registers used:
		wreg, fsr2l, fsr2h, status,2, status,0, prodl, prodh, cstack
 Tracked objects:
		On entry : 
		On exit  : 
		Unchanged: 
 Data sizes:     COMRAM   BANK0   BANK1   BANK2   BANK3   BANK4   BANK5   BANK6   BANK7   BANK8   BANK9  BANK10  BANK11  BANK12  BANK13  BANK14  BANK15
      Params:         0       0       0       0       0       0       0       0       0       0       0       0       0       0       0       0       0
      Locals:         1       0       0       0       0       0       0       0       0       0       0       0       0       0       0       0       0
      Temps:          0       0       0       0       0       0       0       0       0       0       0       0       0       0       0       0       0
      Totals:         1       0       0       0       0       0       0       0       0       0       0       0       0       0       0       0       0
Total ram usage:        1 bytes
 Hardware stack levels used:    1
 Hardware stack levels required when called:    3
 This function calls:
		_delay_ms
		_lcd_send_byte
		_lcd_send_nibble
 This function is called by:
		_main
 This function uses a non-reentrant model


 *************** function _lcd_send_byte *****************
 Defined at:
		line 39 in file "../../OneDrive/Desktop/testtpic/testtpic/pwm_asl.X/lcd_x8.c"
 Parameters:    Size  Location     Type
  cm_data         1    wreg     unsigned char 
  n               1    8[COMRAM] unsigned char 
 Auto vars:     Size  Location     Type
  cm_data         1    9[COMRAM] unsigned char 
 Return value:  Size  Location     Type
                  1    wreg      void 
 Registers used:
		wreg, status,2, status,0, cstack
 Tracked objects:
		On entry : 
		On exit  : 
		Unchanged: 
 Data sizes:     COMRAM   BANK0   BANK1   BANK2   BANK3   BANK4   BANK5   BANK6   BANK7   BANK8   BANK9  BANK10  BANK11  BANK12  BANK13  BANK14  BANK15
      Params:         1       0       0       0       0       0       0       0       0       0       0       0       0       0       0       0       0
      Locals:         1       0       0       0       0       0       0       0       0       0       0       0       0       0       0       0       0
      Temps:          0       0       0       0       0       0       0       0       0       0       0       0       0       0       0       0       0
      Totals:         2       0       0       0       0       0       0       0       0       0       0       0       0       0       0       0       0
Total ram usage:        2 bytes
 Hardware stack levels used:    1
 Hardware stack levels required when called:    2
 This function calls:
		_delay_cycles
		_delay_ms
		_lcd_send_nibble
 This function is called by:
		_lcd_init
		_lcd_gotoxy
		_lcd_putc
		_Lcd_Shift_Right
		_Lcd_Shift_Left
 This function uses a non-reentrant model


 *************** function _lcd_send_nibble *****************
 Defined at:
		line 29 in file "../../OneDrive/Desktop/testtpic/testtpic/pwm_asl.X/lcd_x8.c"
 Parameters:    Size  Location     Type
  n               1    wreg     unsigned char 
 Auto vars:     Size  Location     Type
  n               1    7[COMRAM] unsigned char 
 Return value:  Size  Location     Type
                  1    wreg      void 
 Registers used:
		wreg, status,2, status,0, cstack
 Tracked objects:
		On entry : 
		On exit  : 
		Unchanged: 
 Data sizes:     COMRAM   BANK0   BANK1   BANK2   BANK3   BANK4   BANK5   BANK6   BANK7   BANK8   BANK9  BANK10  BANK11  BANK12  BANK13  BANK14  BANK15
      Params:         0       0       0       0       0       0       0       0       0       0       0       0       0       0       0       0       0
      Locals:         1       0       0       0       0       0       0       0       0       0       0       0       0       0       0       0       0
      Temps:          1       0       0       0       0       0       0       0       0       0       0       0       0       0       0       0       0
      Totals:         2       0       0       0       0       0       0       0       0       0       0       0       0       0       0       0       0
Total ram usage:        2 bytes
 Hardware stack levels used:    1
 Hardware stack levels required when called:    1
 This function calls:
		_delay_cycles
 This function is called by:
		_lcd_send_byte
		_lcd_init
 This function uses a non-reentrant model


 *************** function _delay_cycles *****************
 Defined at:
		line 20 in file "../../OneDrive/Desktop/testtpic/testtpic/pwm_asl.X/lcd_x8.c"
 Parameters:    Size  Location     Type
  n               1    wreg     unsigned char 
 Auto vars:     Size  Location     Type
  n               1    3[COMRAM] unsigned char 
  x               2    4[COMRAM] int 
 Return value:  Size  Location     Type
                  1    wreg      void 
 Registers used:
		wreg, status,2, status,0
 Tracked objects:
		On entry : 
		On exit  : 
		Unchanged: 
 Data sizes:     COMRAM   BANK0   BANK1   BANK2   BANK3   BANK4   BANK5   BANK6   BANK7   BANK8   BANK9  BANK10  BANK11  BANK12  BANK13  BANK14  BANK15
      Params:         0       0       0       0       0       0       0       0       0       0       0       0       0       0       0       0       0
      Locals:         3       0       0       0       0       0       0       0       0       0       0       0       0       0       0       0       0
      Temps:          3       0       0       0       0       0       0       0       0       0       0       0       0       0       0       0       0
[...]
 This function is called by:
		_sprintf
		___ftsub
		_set_pwm1_percent
		_set_pwm1_voltage
		_set_pwm1_general
 This function uses a non-reentrant model


 *************** function ___ftpack *****************
 Defined at:
		line 62 in file "C:\Program Files (x86)\Microchip\xc8\v1.37\sources\common\float.c"
 Parameters:    Size  Location     Type
  arg             3    0[COMRAM] unsigned um
  exp             1    3[COMRAM] unsigned char 
  sign            1    4[COMRAM] unsigned char 
 Auto vars:     Size  Location     Type
		None
 Return value:  Size  Location     Type
                  3    0[COMRAM] float 
 Registers used:
		wreg, status,2, status,0
 Tracked objects:
		On entry : 
		On exit  : 
		Unchanged: 
 Data sizes:     COMRAM   BANK0   BANK1   BANK2   BANK3   BANK4   BANK5   BANK6   BANK7   BANK8   BANK9  BANK10  BANK11  BANK12  BANK13  BANK14  BANK15
      Params:         5       0       0       0       0       0       0       0       0       0       0       0       0       0       0       0       0
      Locals:         0       0       0       0       0       0       0       0       0       0       0       0       0       0       0       0       0
      Temps:          3       0       0       0       0       0       0       0       0       0       0       0       0       0       0       0       0
      Totals:         8       0       0       0       0       0       0       0       0       0       0       0       0       0       0       0       0
Total ram usage:        8 bytes
 Hardware stack levels used:    1
 This function calls:
		Nothing
 This function is called by:
		___awtoft
		___ftadd
		___ftdiv
		___ftmul
		___lltoft
 This function uses a non-reentrant model


 *************** function ___ftneg *****************
 Defined at:
		line 15 in file "C:\Program Files (x86)\Microchip\xc8\v1.37\sources\common\ftneg.c"
 Parameters:    Size  Location     Type
  f1              3    0[COMRAM] float 
 Auto vars:     Size  Location     Type
		None
 Return value:  Size  Location     Type
                  3    0[COMRAM] float 
 Registers used:
		wreg, status,2, status,0
 Tracked objects:
		On entry : 
		On exit  : 
		Unchanged: 
 Data sizes:     COMRAM   BANK0   BANK1   BANK2   BANK3   BANK4   BANK5   BANK6   BANK7   BANK8   BANK9  BANK10  BANK11  BANK12  BANK13  BANK14  BANK15
      Params:         3       0       0       0       0       0       0       0       0       0       0       0       0       0       0       0       0
      Locals:         0       0       0       0       0       0       0       0       0       0       0       0       0       0       0       0       0
      Temps:          0       0       0       0       0       0       0       0       0       0       0       0       0       0       0       0       0
      Totals:         3       0       0       0       0       0       0       0       0       0       0       0       0       0       0       0       0
Total ram usage:        3 bytes
 Hardware stack levels used:    1
 This function calls:
		Nothing
 This function is called by:
		_sprintf
		_set_pwm1_general
 This function uses a non-reentrant model


 *************** function ___ftge *****************
 Defined at:
		line 4 in file "C:\Program Files (x86)\Microchip\xc8\v1.37\sources\common\ftge.c"
 Parameters:    Size  Location     Type
  ff1             3    0[COMRAM] float 
  ff2             3    3[COMRAM] float 
 Auto vars:     Size  Location     Type
		None
 Return value:  Size  Location     Type
		None               void
 Registers used:
		wreg, status,2, status,0
 Tracked objects:
		On entry : 
		On exit  : 
		Unchanged: 
 Data sizes:     COMRAM   BANK0   BANK1   BANK2   BANK3   BANK4   BANK5   BANK6   BANK7   BANK8   BANK9  BANK10  BANK11  BANK12  BANK13  BANK14  BANK15
      Params:         6       0       0       0       0       0       0       0       0       0       0       0       0       0       0       0       0
      Locals:         0       0       0       0       0       0       0       0       0       0       0       0       0       0       0       0       0
      Temps:          3       0       0       0       0       0       0       0       0       0       0       0       0       0       0       0       0
      Totals:         9       0       0       0       0       0       0       0       0       0       0       0       0       0       0       0       0
Total ram usage:        9 bytes
 Hardware stack levels used:    1
 This function calls:
		Nothing
 This function is called by:
		_sprintf
 This function uses a non-reentrant model


 *************** function _clock *****************
 Defined at:
		line 100 in file "Assignment_two.c"
 Parameters:    Size  Location     Type
		None
 Auto vars:     Size  Location     Type
		None
 Return value:  Size  Location     Type
                  1    wreg      void 
 Registers used:
		wreg, status,2, status,0
 Tracked objects:
		On entry : 
		On exit  : 
		Unchanged: 
 Data sizes:     COMRAM   BANK0   BANK1   BANK2   BANK3   BANK4   BANK5   BANK6   BANK7   BANK8   BANK9  BANK10  BANK11  BANK12  BANK13  BANK14  BANK15
      Params:         0       0       0       0       0       0       0       0       0       0       0       0       0       0       0       0       0
      Locals:         0       0       0       0       0       0       0       0       0       0       0       0       0       0       0       0       0
      Temps:          0       0       0       0       0       0       0       0       0       0       0       0       0       0       0       0       0
      Totals:         0       0       0       0       0       0       0       0       0       0       0       0       0       0       0       0       0
Total ram usage:        0 bytes
 Hardware stack levels used:    1
 This function calls:
		Nothing
 This function is called by:
		_main
 This function uses a non-reentrant model


 *************** function _checkTimer *****************
 Defined at:
		line 284 in file "Assignment_two.c"
 Parameters:    Size  Location     Type
		None
 Auto vars:     Size  Location     Type
		None
 Return value:  Size  Location     Type
                  1    wreg      void 
 Registers used:
		wreg, status,2, status,0, cstack
 Tracked objects:
		On entry : 
		On exit  : 
		Unchanged: 
 Data sizes:     COMRAM   BANK0   BANK1   BANK2   BANK3   BANK4   BANK5   BANK6   BANK7   BANK8   BANK9  BANK10  BANK11  BANK12  BANK13  BANK14  BANK15
      Params:         0       0       0       0       0       0       0       0       0       0       0       0       0       0       0       0       0
      Locals:         0       0       0       0       0       0       0       0       0       0       0       0       0       0       0       0       0
      Temps:          0       0       0       0       0       0       0       0       0       0       0       0       0       0       0       0       0
      Totals:         0       0       0       0       0       0       0       0       0       0       0       0       0       0       0       0       0
Total ram usage:        0 bytes
 Hardware stack levels used:    1
 Hardware stack levels required when called:    1
 This function calls:
		_decreaseTimer
 This function is called by:
		_main
 This function uses a non-reentrant model


 *************** function _decreaseTimer *****************
 Defined at:
		line 265 in file "Assignment_two.c"
 Parameters:    Size  Location     Type
		None
 Auto vars:     Size  Location     Type
		None
 Return value:  Size  Location     Type
                  1    wreg      void 
 Registers used:
		wreg, status,2, status,0
 Tracked objects:
		On entry : 
		On exit  : 
		Unchanged: 
 Data sizes:     COMRAM   BANK0   BANK1   BANK2   BANK3   BANK4   BANK5   BANK6   BANK7   BANK8   BANK9  BANK10  BANK11  BANK12  BANK13  BANK14  BANK15
      Params:         0       0       0       0       0       0       0       0       0       0       0       0       0       0       0       0       0
      Locals:         0       0       0       0       0       0       0       0       0       0       0       0       0       0       0       0       0
      Temps:          0       0       0       0       0       0       0       0       0       0       0       0       0       0       0       0       0
      Totals:         0       0       0       0       0       0       0       0       0       0       0       0       0       0       0       0       0
Total ram usage:        0 bytes
 Hardware stack levels used:    1
 This function calls:
		Nothing
 This function is called by:
		_checkTimer
 This function uses a non-reentrant model


 *************** function _checkHeater *****************
 Defined at:
		line 295 in file "Assignment_two.c"
 Parameters:    Size  Location     Type
		None
 Auto vars:     Size  Location     Type
		None
 Return value:  Size  Location     Type
                  1    wreg      void 
 Registers used:
		wreg, status,2, status,0
 Tracked objects:
		On entry : 
		On exit  : 
		Unchanged: 
 Data sizes:     COMRAM   BANK0   BANK1   BANK2   BANK3   BANK4   BANK5   BANK6   BANK7   BANK8   BANK9  BANK10  BANK11  BANK12  BANK13  BANK14  BANK15
      Params:         0       0       0       0       0       0       0       0       0       0       0       0       0       0       0       0       0
      Locals:         0       0       0       0       0       0       0       0       0       0       0       0       0       0       0       0       0
      Temps:          0       0       0       0       0       0       0       0       0       0       0       0       0       0       0       0       0
      Totals:         0       0       0       0       0       0       0       0       0       0       0       0       0       0       0       0       0
Total ram usage:        0 bytes
 Hardware stack levels used:    1
 This function calls:
		Nothing
 This function is called by:
		_main
 This function uses a non-reentrant model


 *************** function _SetupTimer *****************
 Defined at:
		line 229 in file "Assignment_two.c"
 Parameters:    Size  Location     Type
		None
 Auto vars:     Size  Location     Type
		None
 Return value:  Size  Location     Type
                  1    wreg      void 
 Registers used:
		wreg, status,2, status,0, cstack
 Tracked objects:
		On entry : 
		On exit  : 
		Unchanged: 
 Data sizes:     COMRAM   BANK0   BANK1   BANK2   BANK3   BANK4   BANK5   BANK6   BANK7   BANK8   BANK9  BANK10  BANK11  BANK12  BANK13  BANK14  BANK15
      Params:         0       0       0       0       0       0       0       0       0       0       0       0       0       0       0       0       0
      Locals:         0       0       0       0       0       0       0       0       0       0       0       0       0       0       0       0       0
      Temps:          0       0       0       0       0       0       0       0       0       0       0       0       0       0       0       0       0
      Totals:         0       0       0       0       0       0       0       0       0       0       0       0       0       0       0       0       0
Total ram usage:        0 bytes
 Hardware stack levels used:    1
 Hardware stack levels required when called:    1
 This function calls:
		_delay_ms
 This function is called by:
		_main
 This function uses a non-reentrant model


 *************** function _SetupClock *****************
 Defined at:
		line 192 in file "Assignment_two.c"
 Parameters:    Size  Location     Type
		None
 Auto vars:     Size  Location     Type
		None
 Return value:  Size  Location     Type
                  1    wreg      void 
 Registers used:
		wreg, status,2, status,0, cstack
 Tracked objects:
		On entry : 
		On exit  : 
		Unchanged: 
 Data sizes:     COMRAM   BANK0   BANK1   BANK2   BANK3   BANK4   BANK5   BANK6   BANK7   BANK8   BANK9  BANK10  BANK11  BANK12  BANK13  BANK14  BANK15
      Params:         0       0       0       0       0       0       0       0       0       0       0       0       0       0       0       0       0
      Locals:         0       0       0       0       0       0       0       0       0       0       0       0       0       0       0       0       0
      Temps:          0       0       0       0       0       0       0       0       0       0       0       0       0       0       0       0       0
      Totals:         0       0       0       0       0       0       0       0       0       0       0       0       0       0       0       0       0
Total ram usage:        0 bytes
 Hardware stack levels used:    1
 Hardware stack levels required when called:    1
 This function calls:
		_delay_ms
 This function is called by:
		_main
 This function uses a non-reentrant model


 *************** function _delay_ms *****************
 Defined at:
		line 12 in file "../../OneDrive/Desktop/testtpic/testtpic/pwm_asl.X/lcd_x8.c"
 Parameters:    Size  Location     Type
  n               2    0[COMRAM] unsigned int 
 Auto vars:     Size  Location     Type
  x               2    2[COMRAM] int 
 Return value:  Size  Location     Type
                  1    wreg      void 
 Registers used:
		wreg, status,2, status,0
 Tracked objects:
		On entry : 
		On exit  : 
		Unchanged: 
 Data sizes:     COMRAM   BANK0   BANK1   BANK2   BANK3   BANK4   BANK5   BANK6   BANK7   BANK8   BANK9  BANK10  BANK11  BANK12  BANK13  BANK14  BANK15
      Params:         2       0       0       0       0       0       0       0       0       0       0       0       0       0       0       0       0
      Locals:         2       0       0       0       0       0       0       0       0       0       0       0       0       0       0       0       0
      Temps:          0       0       0       0       0       0       0       0       0       0       0       0       0       0       0       0       0
      Totals:         4       0       0       0       0       0       0       0       0       0       0       0       0       0       0       0       0
Total ram usage:        4 bytes
 Hardware stack levels used:    1
 This function calls:
		Nothing
 This function is called by:
		_switchMode
		_switchTimer
		_switchClock
		_SetupClock
		_SetupTimer
		_main
		_lcd_send_byte
		_lcd_init
		_lcd_putc
 This function uses a non-reentrant model



MODULE INFORMATION

Module		Function		Class		Link	Load	Size
C:\Program Files (x86)\Microchip\xc8\v1.37\sources\common\ftdiv.c
		___ftdiv       		CODE           	DEDE	0000	231

C:\Program Files (x86)\Microchip\xc8\v1.37\sources\common\ftdiv.c estimated size: 231

C:\Program Files (x86)\Microchip\xc8\v1.37\sources\common\llmod.c
		___llmod       		CODE           	DA74	0000	103

C:\Program Files (x86)\Microchip\xc8\v1.37\sources\common\llmod.c estimated size: 103

C:\Program Files (x86)\Microchip\xc8\v1.37\sources\common\ftge.c
		___ftge        		CODE           	DDA0	0000	145

C:\Program Files (x86)\Microchip\xc8\v1.37\sources\common\ftge.c estimated size: 145

C:\Program Files (x86)\Microchip\xc8\v1.37\sources\common\doprnt.c
		_scale         		CODE           	EF4A	0000	1081
		_sprintf       		CODE           	F382	0000	2923
		_fround        		CODE           	E984	0000	619

C:\Program Files (x86)\Microchip\xc8\v1.37\sources\common\doprnt.c estimated size: 4623

Assignment_two.c
		_clock         		CODE           	DB40	0000	105
		_switchMode    		CODE           	D6BA	0000	41
		_displaymode   		CODE           	E1AC	0000	271
		_switchClock   		CODE           	D692	0000	41
		_main          		CODE           	EBEE	0000	861
		_decreaseTimer 		CODE           	DC18	0000	131
		_timerOnOff    		CODE           	D738	0000	51
		_SetupTimer    		CODE           	E66A	0000	367
		_setupPorts    		CODE           	D5C0	0000	31
		_checkTimer    		CODE           	D856	0000	65
		_SetupClock    		CODE           	E514	0000	343
		_checkHeater   		CODE           	D7DC	0000	61
		_switchTimer   		CODE           	D6E2	0000	41

Assignment_two.c estimated size: 2409

C:\Program Files (x86)\Microchip\xc8\v1.37\sources\common\fttol.c
		___fttol       		CODE           	DFC4	0000	245

C:\Program Files (x86)\Microchip\xc8\v1.37\sources\common\fttol.c estimated size: 245

C:\Program Files (x86)\Microchip\xc8\v1.37\sources\common\Umul16.c
		___wmul        		CODE           	D66C	0000	39

C:\Program Files (x86)\Microchip\xc8\v1.37\sources\common\Umul16.c estimated size: 39

C:\Program Files (x86)\Microchip\xc8\v1.37\sources\common\awdiv.c
		___awdiv       		CODE           	DD1C	0000	133

C:\Program Files (x86)\Microchip\xc8\v1.37\sources\common\awdiv.c estimated size: 133

C:\Program Files (x86)\Microchip\xc8\v1.37\sources\common\isdigit.c
		_isdigit       		CODE           	D5A2	0000	31

C:\Program Files (x86)\Microchip\xc8\v1.37\sources\common\isdigit.c estimated size: 31

C:\Program Files (x86)\Microchip\xc8\v1.37\sources\common\ftadd.c
		___ftadd       		CODE           	E7D8	0000	429

C:\Program Files (x86)\Microchip\xc8\v1.37\sources\common\ftadd.c estimated size: 429

C:\Program Files (x86)\Microchip\xc8\v1.37\sources\common\lldiv.c
		___lldiv       		CODE           	DC9A	0000	131

C:\Program Files (x86)\Microchip\xc8\v1.37\sources\common\lldiv.c estimated size: 131

C:\Program Files (x86)\Microchip\xc8\v1.37\sources\common\ftdivl.c
		__tdiv_to_l_   		CODE           	E3E2	0000	307

C:\Program Files (x86)\Microchip\xc8\v1.37\sources\common\ftdivl.c estimated size: 307

C:\Program Files (x86)\Microchip\xc8\v1.37\sources\common\fldivl.c
		__div_to_l_    		CODE           	E2BA	0000	297

C:\Program Files (x86)\Microchip\xc8\v1.37\sources\common\fldivl.c estimated size: 297

../../OneDrive/Desktop/testtpic/testtpic/pwm_asl.X/my_adc.c
		_init_adc_no_lib		CODE           	D596	0000	13
		_read_adc_raw_no_lib		CODE           	D7A2	0000	59
		_read_adc_voltage		CODE           	DADA	0000	103

../../OneDrive/Desktop/testtpic/testtpic/pwm_asl.X/my_adc.c estimated size: 175

C:\Program Files (x86)\Microchip\xc8\v1.37\sources\common\ftneg.c
		___ftneg       		CODE           	D624	0000	37

C:\Program Files (x86)\Microchip\xc8\v1.37\sources\common\ftneg.c estimated size: 37

shared
		__powers_      		MEDIUMCONST    	FF3C	0000	40
		_dpowers       		MEDIUMCONST    	FEED	0000	41
		__npowers_     		MEDIUMCONST    	FF15	0000	40
		__initialization		CODE           	D818	0000	57

shared estimated size: 178

C:\Program Files (x86)\Microchip\xc8\v1.37\sources\common\ftsub.c
		___ftsub       		CODE           	D896	0000	65

C:\Program Files (x86)\Microchip\xc8\v1.37\sources\common\ftsub.c estimated size: 65

C:\Program Files (x86)\Microchip\xc8\v1.37\sources\common\awtoft.c
		___awtoft      		CODE           	D76A	0000	57

C:\Program Files (x86)\Microchip\xc8\v1.37\sources\common\awtoft.c estimated size: 57

../../OneDrive/Desktop/testtpic/testtpic/pwm_asl.X/lcd_x8.c
		_lcd_putc      		CODE           	D960	0000	87
		_lcd_puts      		CODE           	D648	0000	37
		_lcd_send_byte 		CODE           	D918	0000	73
		_lcd_gotoxy    		CODE           	D8D6	0000	67
		_lcd_send_nibble		CODE           	D5DE	0000	35
		_delay_ms      		CODE           	D600	0000	37
		_lcd_init      		CODE           	DA12	0000	99
		_delay_cycles  		CODE           	D70A	0000	47

../../OneDrive/Desktop/testtpic/testtpic/pwm_asl.X/lcd_x8.c estimated size: 482

C:\Program Files (x86)\Microchip\xc8\v1.37\sources\common\float.c
		___ftpack      		CODE           	DE30	0000	175

C:\Program Files (x86)\Microchip\xc8\v1.37\sources\common\float.c estimated size: 175

C:\Program Files (x86)\Microchip\xc8\v1.37\sources\common\lltoft.c
		___lltoft      		CODE           	D9B6	0000	93

C:\Program Files (x86)\Microchip\xc8\v1.37\sources\common\lltoft.c estimated size: 93

C:\Program Files (x86)\Microchip\xc8\v1.37\sources\common\ftmul.c
		___ftmul       		CODE           	E0B8	0000	245

C:\Program Files (x86)\Microchip\xc8\v1.37\sources\common\ftmul.c estimated size: 245

C:\Program Files (x86)\Microchip\xc8\v1.37\sources\common\awmod.c
		___awmod       		CODE           	DBA8	0000	113

C:\Program Files (x86)\Microchip\xc8\v1.37\sources\common\awmod.c estimated size: 113

